/home/runner/work/ebp-bias-board/ebp-bias-board/diag.py:11: BentoWarning: The streaming request contained one or more days which have reduced quality: 2026-10-06 (degraded). See: https://databento.com/docs/api-reference-historical/metadata/metadata-get-dataset-condition
  d = client.timeseries.get_range(dataset="GLBX.MDP3", symbols=[symbol], stype_in="continuous",
/home/runner/work/ebp-bias-board/ebp-bias-board/diag.py:11: BentoWarning: The streaming request contained one or more days which have reduced quality: 2026-10-06 (degraded). See: https://databento.com/docs/api-reference-historical/metadata/metadata-get-dataset-condition
  d = client.timeseries.get_range(dataset="GLBX.MDP3", symbols=[symbol], stype_in="continuous",
/home/runner/work/ebp-bias-board/ebp-bias-board/diag.py:11: BentoWarning: The streaming request contained one or more days which have reduced quality: 2026-10-06 (degraded). See: https://databento.com/docs/api-reference-historical/metadata/metadata-get-dataset-condition
  d = client.timeseries.get_range(dataset="GLBX.MDP3", symbols=[symbol], stype_in="continuous",
/home/runner/work/ebp-bias-board/ebp-bias-board/diag.py:11: BentoWarning: The streaming request contained one or more days which have reduced quality: 2026-10-06 (degraded). See: https://databento.com/docs/api-reference-historical/metadata/metadata-get-dataset-condition
  d = client.timeseries.get_range(dataset="GLBX.MDP3", symbols=[symbol], stype_in="continuous",
/home/runner/work/ebp-bias-board/ebp-bias-board/diag.py:11: BentoWarning: The streaming request contained one or more days which have reduced quality: 2026-10-06 (degraded). See: https://databento.com/docs/api-reference-historical/metadata/metadata-get-dataset-condition
  d = client.timeseries.get_range(dataset="GLBX.MDP3", symbols=[symbol], stype_in="continuous",
/home/runner/work/ebp-bias-board/ebp-bias-board/diag.py:11: BentoWarning: The streaming request contained one or more days which have reduced quality: 2026-10-06 (degraded). See: https://databento.com/docs/api-reference-historical/metadata/metadata-get-dataset-condition
  d = client.timeseries.get_range(dataset="GLBX.MDP3", symbols=[symbol], stype_in="continuous",
/home/runner/work/ebp-bias-board/ebp-bias-board/diag.py:31: BentoWarning: The streaming request contained one or more days which have reduced quality: 2026-10-06 (degraded). See: https://databento.com/docs/api-reference-historical/metadata/metadata-get-dataset-condition
  defs = client.timeseries.get_range(dataset="GLBX.MDP3", symbols=["GC.c.0", "GC.v.0", "GC.n.0"], stype_in="continuous",

=== GC.c.0 (11s) ===
              open    high     low   close   vol  bars     raw
trade_date                                                    
2026-09-15  4305.9  4305.9  4305.9  4305.9     1     1  GC.c.0
2026-09-16  4280.2  4280.2  4280.1  4280.1     2     1  GC.c.0
2026-09-17  4325.3  4325.3  4325.3  4325.3     1     1  GC.c.0
2026-09-21  4366.7  4368.1  4366.7  4368.1    10     1  GC.c.0
2026-09-22  4351.0  4351.0  4350.5  4350.5     2     1  GC.c.0
2026-09-23  4280.0  4280.0  4280.0  4280.0     7     1  GC.c.0
2026-09-24  4263.6  4271.5  4255.0  4271.5   106     5  GC.c.0
2026-09-25  4287.9  4287.9  4287.9  4287.9     1     1  GC.c.0
2026-09-29  4116.8  4185.4  4116.3  4182.5  2067    21  GC.c.0
2026-09-30  4183.8  4217.4  4151.4  4152.8   787    16  GC.c.0
2026-10-01  4148.6  4192.2  4148.6  4177.4    81    13  GC.c.0
2026-10-02  4154.7  4208.9  4130.5  4143.8   367    11  GC.c.0
2026-10-05  4167.6  4167.6  4134.8  4134.8    19     5  GC.c.0
2026-10-06  4118.0  4183.4  4118.0  4168.5    35     6  GC.c.0
2026-10-07  4152.6  4152.6  4140.1  4140.1     6     2  GC.c.0

=== GC.c.1 (8s) ===
              open    high     low   close   vol  bars     raw
trade_date                                                    
2026-09-14  4339.1  4362.6  4259.5  4306.5  6901    21  GC.c.1
2026-09-15  4307.9  4324.5  4268.5  4300.0  4841    23  GC.c.1
2026-09-16  4300.5  4377.9  4241.0  4269.7  7889    23  GC.c.1
2026-09-17  4269.0  4387.6  4261.4  4347.0  5708    23  GC.c.1
2026-09-18  4347.2  4405.3  4338.7  4381.8  4765    23  GC.c.1
2026-09-21  4381.8  4387.8  4326.6  4347.9  4073    23  GC.c.1
2026-09-22  4349.0  4379.6  4295.8  4360.8  5169    23  GC.c.1
2026-09-23  4363.1  4374.0  4277.6  4289.1  3804    23  GC.c.1
2026-09-24  4291.6  4304.5  4246.4  4276.0  4225    23  GC.c.1
2026-09-25  4278.7  4317.5  4256.5  4287.2  2673    23  GC.c.1
2026-09-28  4279.7  4279.7  4113.1  4113.4  3824    23  GC.c.1
2026-09-29  4117.6  4201.3  4117.0  4198.7  1732    23  GC.c.1
2026-09-30  4198.1  4235.0  4163.3  4173.5   834    23  GC.c.1
2026-10-01  4171.0  4206.3  4156.0  4194.2   907    22  GC.c.1
2026-10-02  4197.0  4240.4  4139.7  4154.1  1446    22  GC.c.1
2026-10-05  4154.4  4182.8  4136.0  4153.0   923    23  GC.c.1
2026-10-06  4146.3  4195.6  4118.8  4179.8   911    22  GC.c.1
2026-10-07  4179.2  4180.3  4140.7  4140.7   153     8  GC.c.1

=== GC.v.0 (10s) ===
              open    high     low   close     vol  bars     raw
trade_date                                                      
2026-09-14  4373.3  4396.8  4293.0  4340.0  142345    21  GC.v.0
2026-09-15  4340.3  4358.2  4301.6  4333.4  135061    23  GC.v.0
2026-09-16  4333.5  4413.1  4273.3  4302.5  227854    23  GC.v.0
2026-09-17  4301.4  4423.3  4294.5  4380.6  157720    23  GC.v.0
2026-09-18  4381.6  4439.8  4372.2  4415.9  130100    23  GC.v.0
2026-09-21  4413.0  4422.1  4360.3  4381.0  123824    23  GC.v.0
2026-09-22  4382.5  4414.1  4327.6  4396.2  159796    23  GC.v.0
2026-09-23  4394.7  4407.5  4310.7  4322.7  129178    23  GC.v.0
2026-09-24  4324.4  4338.0  4278.3  4310.1  140964    23  GC.v.0
2026-09-25  4309.5  4351.6  4289.2  4320.5  121016    23  GC.v.0
2026-09-28  4315.0  4315.6  4143.1  4148.5  205186    23  GC.v.0
2026-09-29  4150.1  4218.1  4145.2  4215.0  136526    23  GC.v.0
2026-09-30  4216.2  4251.1  4178.2  4189.1  144686    23  GC.v.0
2026-10-01  4190.1  4222.8  4169.4  4207.8  121743    23  GC.v.0
2026-10-02  4204.6  4259.0  4153.8  4172.1  155606    23  GC.v.0
2026-10-05  4169.4  4198.9  4150.4  4167.6  104386    23  GC.v.0
2026-10-06  4169.2  4212.4  4130.7  4192.7  112522    23  GC.v.0
2026-10-07  4195.0  4197.8  4154.7  4154.8   22257     8  GC.v.0

=== GC.v.1 (4s) ===
              open    high     low   close   vol  bars     raw
trade_date                                                    
2026-09-14  4339.1  4362.6  4259.5  4306.5  6901    21  GC.v.1
2026-09-15  4307.9  4324.5  4268.5  4300.0  4841    23  GC.v.1
2026-09-16  4300.5  4377.9  4241.0  4269.7  7889    23  GC.v.1
2026-09-17  4269.0  4387.6  4261.4  4347.0  5708    23  GC.v.1
2026-09-18  4347.2  4405.3  4338.7  4381.8  4765    23  GC.v.1
2026-09-21  4381.8  4387.8  4326.6  4347.9  4073    23  GC.v.1
2026-09-22  4349.0  4379.6  4295.8  4360.8  5169    23  GC.v.1
2026-09-23  4363.1  4374.0  4277.6  4289.1  3804    23  GC.v.1
2026-09-24  4291.6  4304.5  4246.4  4276.0  4225    23  GC.v.1
2026-09-25  4278.7  4317.5  4256.5  4287.2  2673    23  GC.v.1
2026-09-28  4279.7  4279.7  4113.1  4113.4  3824    23  GC.v.1
2026-09-29  4117.6  4185.4  4116.3  4182.5  2078    23  GC.v.1
2026-09-30  4183.8  4217.4  4151.4  4152.8   787    16  GC.v.1
2026-10-01  4215.1  4255.9  4204.8  4242.0  1277    21  GC.v.1
2026-10-02  4239.1  4294.0  4189.3  4204.5  1700    23  GC.v.1
2026-10-05  4206.6  4232.8  4186.4  4202.9   923    23  GC.v.1
2026-10-06  4204.2  4247.4  4165.9  4225.9  1054    23  GC.v.1
2026-10-07  4229.4  4230.9  4193.1  4193.7    94     8  GC.v.1

=== GC.n.0 (11s) ===
              open    high     low   close     vol  bars     raw
trade_date                                                      
2026-09-14  4373.3  4396.8  4293.0  4340.0  142345    21  GC.n.0
2026-09-15  4340.3  4358.2  4301.6  4333.4  135061    23  GC.n.0
2026-09-16  4333.5  4413.1  4273.3  4302.5  227854    23  GC.n.0
2026-09-17  4301.4  4423.3  4294.5  4380.6  157720    23  GC.n.0
2026-09-18  4381.6  4439.8  4372.2  4415.9  130100    23  GC.n.0
2026-09-21  4413.0  4422.1  4360.3  4381.0  123824    23  GC.n.0
2026-09-22  4382.5  4414.1  4327.6  4396.2  159796    23  GC.n.0
2026-09-23  4394.7  4407.5  4310.7  4322.7  129178    23  GC.n.0
2026-09-24  4324.4  4338.0  4278.3  4310.1  140964    23  GC.n.0
2026-09-25  4309.5  4351.6  4289.2  4320.5  121016    23  GC.n.0
2026-09-28  4315.0  4315.6  4143.1  4148.5  205186    23  GC.n.0
2026-09-29  4150.1  4218.1  4145.2  4215.0  136526    23  GC.n.0
2026-09-30  4216.2  4251.1  4178.2  4189.1  144686    23  GC.n.0
2026-10-01  4190.1  4222.8  4169.4  4207.8  121743    23  GC.n.0
2026-10-02  4204.6  4259.0  4153.8  4172.1  155606    23  GC.n.0
2026-10-05  4169.4  4198.9  4150.4  4167.6  104386    23  GC.n.0
2026-10-06  4169.2  4212.4  4130.7  4192.7  112522    23  GC.n.0
2026-10-07  4195.0  4197.8  4154.7  4154.8   22257     8  GC.n.0

=== GC.n.1 (76s) ===
              open    high     low   close   vol  bars     raw
trade_date                                                    
2026-09-14  4339.1  4362.6  4259.5  4306.5  6901    21  GC.n.1
2026-09-15  4307.9  4324.5  4268.5  4300.0  4841    23  GC.n.1
2026-09-16  4300.5  4377.9  4241.0  4269.7  7889    23  GC.n.1
2026-09-17  4269.0  4387.6  4261.4  4347.0  5708    23  GC.n.1
2026-09-18  4347.2  4405.3  4338.7  4381.8  4765    23  GC.n.1
2026-09-21  4381.8  4387.8  4326.6  4347.9  4073    23  GC.n.1
2026-09-22  4349.0  4379.6  4295.8  4360.8  5169    23  GC.n.1
2026-09-23  4363.1  4374.0  4277.6  4289.1  3804    23  GC.n.1
2026-09-24  4291.6  4304.5  4246.4  4276.0  4225    23  GC.n.1
2026-09-25  4278.7  4386.2  4270.2  4358.7  1032    23  GC.n.1
2026-09-28  4352.0  4352.0  4180.0  4183.2  2067    23  GC.n.1
2026-09-29  4187.0  4251.0  4181.3  4249.9  1272    23  GC.n.1
2026-09-30  4252.3  4286.4  4213.7  4224.9  1665    23  GC.n.1
2026-10-01  4224.8  4255.9  4204.8  4242.0  1301    23  GC.n.1
2026-10-02  4239.1  4294.0  4189.3  4204.5  1700    23  GC.n.1
2026-10-05  4206.6  4232.8  4186.4  4202.9   923    23  GC.n.1
2026-10-06  4204.2  4247.4  4165.9  4225.9  1054    23  GC.n.1
2026-10-07  4229.4  4230.9  4193.1  4193.7    94     8  GC.n.1

=== definitions ===
   symbol raw_symbol                expiration  instrument_id
0  GC.n.0       GCZ6 2026-12-29 18:30:00+00:00          41271
1  GC.c.0       GCV6 2026-10-28 17:30:00+00:00       42063221
